03:45:20] [Render thread/INFO]: Reloading ResourceManager: vanilla, file/Archive.zip
[03:45:20] [Worker-Main-25/INFO]: Found unifont_all_no_pua-16.0.03.hex, loading
[03:45:20] [Worker-Main-23/INFO]: Found unifont_jp_patch-16.0.03.hex, loading
[03:45:20] [Worker-Main-26/INFO]: Found unifont_pua-16.0.03.hex, loading
[03:45:21] [Worker-Main-23/WARN]: Texture minecraft:block/chorus_flower_top_leafy with size 26x26 limits mip level from 4 to 1
[03:45:21] [Worker-Main-23/WARN]: Texture minecraft:block/sunflower_front with size 16x15 limits mip level from 1 to 0
[03:45:21] [Worker-Main-23/WARN]: minecraft:textures/atlas/blocks.png: dropping miplevel from 4 to 0, because of minimum power of two: 1
[03:45:21] [Worker-Main-26/WARN]: Missing block model: minecraft:builtin/entity
[03:45:21] [Worker-Main-26/WARN]: Unresolved texture references in minecraft:block/note_block:
	#west-> #side
	#up-> #top
	#north-> #front
	#east-> #side
	#south-> #side
	#down-> #bottom
	#particle-> #front
	#bottom-> #top

[03:45:21] [Worker-Main-22/WARN]: Unresolved texture references in minecraft:block/note_block:
	#west-> #side
	#up-> #top
	#north-> #front
	#east-> #side
	#south-> #side
	#down-> #bottom
	#particle-> #front
	#bottom-> #top

[03:45:21] [Worker-Main-17/WARN]: Unresolved texture references in minecraft:item/decorated_pot_model_base:
	#1-> #sherd
	#particle-> #sherd

[03:45:21] [Worker-Main-23/WARN]: Missing texture references in model minecraft:block/soul_wall_torch:
    #missing
[03:45:21] [Worker-Main-23/WARN]: Missing texture references in model minecraft:item/sheet_shield_blocking:
    particle
[03:45:21] [Worker-Main-23/WARN]: Missing texture references in model minecraft:item/decorated_pot_model_base:
    #1
    particle
[03:45:21] [Worker-Main-23/WARN]: Missing texture references in model minecraft:block/chorus_flower:
    #missing
[03:45:21] [Worker-Main-23/WARN]: Missing texture references in model minecraft:item/riot_shield_blocking:
    particle
[03:45:21] [Worker-Main-23/WARN]: Missing texture references in model minecraft:item/soul_lantern:
    #missing
[03:45:21] [Worker-Main-23/WARN]: Missing texture references in model minecraft:item/plank_shield_blocking:
    particle
[03:45:21] [Worker-Main-23/WARN]: Missing texture references in model minecraft:block/dead_fire_coral:
    #missing
[03:45:21] [Worker-Main-23/WARN]: Missing texture references in model minecraft:block/note_block:
    #down
    #east
    #north
    #south
    #up
    #west
    particle
[03:45:21] [Worker-Main-23/WARN]: Missing texture references in model minecraft:item/spyglass_in_hand:
    particle
[03:45:21] [Worker-Main-23/WARN]: Missing texture references in model minecraft:block/pink_petals_3:
    #missing
[03:45:21] [Worker-Main-23/WARN]: Missing texture references in model minecraft:block/pink_petals_2:
    #missing
[03:45:21] [Worker-Main-23/WARN]: Missing texture references in model minecraft:block/pink_petals_4:
    #missing
[03:45:21] [Worker-Main-23/WARN]: Missing texture references in model minecraft:item/dead_fire_coral:
    #missing
[03:45:21] [Worker-Main-23/WARN]: Missing texture references in model minecraft:block/soul_lantern_floor:
    #missing
[03:45:21] [Worker-Main-23/WARN]: Missing texture references in model minecraft:block/reinforced_deepslate:
    #missing
[03:45:21] [Worker-Main-23/WARN]: Missing texture references in model minecraft:item/dead_bubble_coral:
    #-1
[03:45:21] [Worker-Main-23/WARN]: Missing texture references in model minecraft:item/dead_brain_coral:
    #-1
[03:45:21] [Worker-Main-23/WARN]: Missing texture references in model minecraft:block/dead_horn_coral:
    #missing
[03:45:21] [Worker-Main-23/WARN]: Missing texture references in model minecraft:block/dead_brain_coral:
    #-1
[03:45:21] [Worker-Main-23/WARN]: Missing texture references in model minecraft:item/sheet_shield:
    particle
[03:45:21] [Worker-Main-23/WARN]: Missing texture references in model minecraft:block/chorus_flower_dead:
    #missing
[03:45:21] [Worker-Main-23/WARN]: Missing texture references in model minecraft:block/dead_bubble_coral:
    #-1
[03:45:21] [Worker-Main-23/WARN]: Missing texture references in model minecraft:block/amethyst_cluster:
    #missing
[03:45:21] [Worker-Main-23/WARN]: Missing texture references in model minecraft:item/amethyst_cluster:
    #missing
[03:45:21] [Worker-Main-23/WARN]: Missing texture references in model minecraft:item/dead_horn_coral:
    #missing
[03:45:21] [Worker-Main-23/WARN]: Missing texture references in model minecraft:item/riot_shield:
    particle
[03:45:21] [Worker-Main-23/WARN]: Missing texture references in model minecraft:block/soul_lantern_ceiling:
    #missing
[03:45:21] [Worker-Main-23/WARN]: Missing texture references in model minecraft:item/plank_shield:
    particle
[03:45:21] [Render thread/INFO]: Info log when linking program containing VS minecraft:core/entity and FS minecraft:core/entity. Log output: WARNING: Output of vertex shader 'overlayColor' not read by fragment shader

[03:45:21] [Render thread/INFO]: Info log when linking program containing VS minecraft:core/rendertype_beacon_beam and FS minecraft:core/rendertype_beacon_beam. Log output: WARNING: Could not find vertex shader attribute 'Normal' to match BindAttributeLocation request.
WARNING: Could not find vertex shader attribute 'UV2' to match BindAttributeLocation request.

[03:45:21] [Render thread/INFO]: Info log when linking program containing VS minecraft:core/rendertype_translucent_moving_block and FS minecraft:core/rendertype_translucent_moving_block. Log output: WARNING: Could not find vertex shader attribute 'Normal' to match BindAttributeLocation request.

[03:45:21] [Render thread/INFO]: Info log when linking program containing VS minecraft:core/rendertype_text_intensity_see_through and FS minecraft:core/rendertype_text_intensity_see_through. Log output: WARNING: Could not find vertex shader attribute 'UV2' to match BindAttributeLocation request.

[03:45:21] [Render thread/INFO]: Info log when linking program containing VS minecraft:core/entity and FS minecraft:core/entity. Log output: WARNING: Output of vertex shader 'overlayColor' not read by fragment shader

[03:45:21] [Render thread/INFO]: Info log when linking program containing VS minecraft:core/rendertype_beacon_beam and FS minecraft:core/rendertype_beacon_beam. Log output: WARNING: Could not find vertex shader attribute 'Normal' to match BindAttributeLocation request.
WARNING: Could not find vertex shader attribute 'UV2' to match BindAttributeLocation request.

[03:45:21] [Render thread/INFO]: Info log when linking program containing VS minecraft:core/rendertype_text_see_through and FS minecraft:core/rendertype_text_see_through. Log output: WARNING: Could not find vertex shader attribute 'UV2' to match BindAttributeLocation request.

[03:45:21] [Render thread/INFO]: Info log when linking program containing VS minecraft:core/rendertype_entity_alpha and FS minecraft:core/rendertype_entity_alpha. Log output: WARNING: Could not find vertex shader attribute 'Normal' to match BindAttributeLocation request.
WARNING: Output of vertex shader 'texCoord1' not read by fragment shader
WARNING: Output of vertex shader 'texCoord2' not read by fragment shader

[03:45:21] [Render thread/INFO]: Info log when linking program containing VS minecraft:core/rendertype_text_background_see_through and FS minecraft:core/rendertype_text_background_see_through. Log output: WARNING: Could not find vertex shader attribute 'UV2' to match BindAttributeLocation request.

[03:45:21] [Render thread/INFO]: Info log when linking program containing VS minecraft:core/rendertype_entity_shadow and FS minecraft:core/rendertype_entity_shadow. Log output: WARNING: Could not find vertex shader attribute 'UV1' to match BindAttributeLocation request.
WARNING: Could not find vertex shader attribute 'Normal' to match BindAttributeLocation request.
WARNING: Could not find vertex shader attribute 'UV2' to match BindAttributeLocation request.

[03:45:21] [Render thread/INFO]: Info log when linking program containing VS minecraft:core/entity and FS minecraft:core/entity. Log output: WARNING: Output of vertex shader 'overlayColor' not read by fragment shader

[03:45:21] [Render thread/INFO]: Info log when linking program containing VS minecraft:core/entity and FS minecraft:core/entity. Log output: WARNING: Could not find vertex shader attribute 'Normal' to match BindAttributeLocation request.
WARNING: Could not find vertex shader attribute 'UV2' to match BindAttributeLocation request.
WARNING: Output of vertex shader 'overlayColor' not read by fragment shader

[03:45:21] [Render thread/INFO]: Info log when linking program containing VS minecraft:core/terrain and FS minecraft:core/terrain. Log output: WARNING: Could not find vertex shader attribute 'Normal' to match BindAttributeLocation request.

[03:45:21] [Render thread/INFO]: Info log when linking program containing VS minecraft:core/terrain and FS minecraft:core/terrain. Log output: WARNING: Could not find vertex shader attribute 'Normal' to match BindAttributeLocation request.

[03:45:21] [Render thread/INFO]: Info log when linking program containing VS minecraft:core/entity and FS minecraft:core/entity. Log output: WARNING: Output of vertex shader 'overlayColor' not read by fragment shader

[03:45:21] [Render thread/INFO]: Info log when linking program containing VS minecraft:core/entity and FS minecraft:core/entity. Log output: WARNING: Could not find vertex shader attribute 'Normal' to match BindAttributeLocation request.
WARNING: Could not find vertex shader attribute 'UV2' to match BindAttributeLocation request.
WARNING: Output of vertex shader 'overlayColor' not read by fragment shader

[03:45:21] [Render thread/INFO]: Info log when linking program containing VS minecraft:core/entity and FS minecraft:core/entity. Log output: WARNING: Could not find vertex shader attribute 'UV2' to match BindAttributeLocation request.

[03:45:21] [Render thread/INFO]: Info log when linking program containing VS minecraft:core/entity and FS minecraft:core/entity. Log output: WARNING: Could not find vertex shader attribute 'Normal' to match BindAttributeLocation request.
WARNING: Output of vertex shader 'overlayColor' not read by fragment shader

[03:45:21] [Render thread/INFO]: Info log when linking program containing VS minecraft:core/terrain and FS minecraft:core/terrain. Log output: WARNING: Could not find vertex shader attribute 'Normal' to match BindAttributeLocation request.

[03:45:21] [Render thread/INFO]: Info log when linking program containing VS minecraft:core/terrain and FS minecraft:core/terrain. Log output: WARNING: Could not find vertex shader attribute 'Normal' to match BindAttributeLocation request.

[03:45:21] [Render thread/INFO]: Info log when linking program containing VS minecraft:core/terrain and FS minecraft:core/terrain. Log output: WARNING: Could not find vertex shader attribute 'Normal' to match BindAttributeLocation request.

[03:45:21] [Render thread/INFO]: Info log when linking program containing VS minecraft:core/rendertype_item_entity_translucent_cull and FS minecraft:core/rendertype_item_entity_translucent_cull. Log output: WARNING: Output of vertex shader 'texCoord1' not read by fragment shader
WARNING: Output of vertex shader 'texCoord2' not read by fragment shader

[03:45:21] [Render thread/INFO]: Info log when linking program containing VS minecraft:core/rendertype_crumbling and FS minecraft:core/rendertype_crumbling. Log output: WARNING: Could not find vertex shader attribute 'Normal' to match BindAttributeLocation request.
WARNING: Output of vertex shader 'texCoord2' not read by fragment shader

[03:45:21] [Render thread/INFO]: Info log when linking program containing VS minecraft:core/terrain and FS minecraft:core/terrain. Log output: WARNING: Could not find vertex shader attribute 'Normal' to match BindAttributeLocation request.

[03:45:21] [Render thread/INFO]: OpenAL initialized on device MacBook Air Speakers
[03:45:21] [Render thread/INFO]: Sound engine started
[03:45:21] [Render thread/INFO]: Created: 512x256x0 minecraft:textures/atlas/particles.png-atlas
[03:45:21] [Render thread/INFO]: Created: 128x64x0 minecraft:textures/atlas/decorated_pot.png-atlas
[03:45:21] [Render thread/INFO]: Created: 2048x1024x0 minecraft:textures/atlas/armor_trims.png-atlas
[03:45:21] [Render thread/INFO]: Created: 2048x2048x0 minecraft:textures/atlas/paintings.png-atlas
[03:45:21] [Render thread/INFO]: Created: 512x512x0 minecraft:textures/atlas/shield_patterns.png-atlas
[03:45:21] [Render thread/INFO]: Created: 2048x2048x0 minecraft:textures/atlas/blocks.png-atlas
[03:45:21] [Render thread/INFO]: Created: 512x256x0 minecraft:textures/atlas/chest.png-atlas
[03:45:21] [Render thread/INFO]: Created: 512x512x0 minecraft:textures/atlas/banner_patterns.png-atlas
[03:45:21] [Render thread/INFO]: Created: 512x256x0 minecraft:textures/atlas/beds.png-atlas
[03:45:21] [Render thread/INFO]: Created: 1024x512x0 minecraft:textures/atlas/gui.png-atlas
[03:45:21] [Render thread/INFO]: Created: 64x64x0 minecraft:textures/atlas/map_decorations.png-atlas
[03:45:21] [Render thread/INFO]: Created: 256x256x0 minecraft:textures/atlas/signs.png-atlas
[03:45:21] [Render thread/INFO]: Created: 512x256x0 minecraft:textures/atlas/shulker_boxes.png-atlas